09¡
¢0POLICYLANGUAGEPOLICY£0	GROUPNAME